<h1 id="hello">hello</h1>

<ul>
<li>foo</li>
<li>bar</li>
<li>baz</li>
</ul>

<h1 id="world">world</h1>

<ul>
<li>baq</li>
<li>baqq</li>
<li>baqqq</li>
</ul>